Error for command "run": requires at least 1 arg(s), only received 0

Usage:
  apptainer [global options...] run [run options...] <container> [args...]

Run 'apptainer --help' for more detailed usage information.
Error for command "run": requires at least 1 arg(s), only received 0

Usage:
  apptainer [global options...] run [run options...] <container> [args...]

Run 'apptainer --help' for more detailed usage information.
Error for command "exec": requires at least 2 arg(s), only received 0

Usage:
  apptainer [global options...] exec [exec options...] <container> <command>

Run 'apptainer --help' for more detailed usage information.
Error for command "exec": requires at least 2 arg(s), only received 0

Usage:
  apptainer [global options...] exec [exec options...] <container> <command>

Run 'apptainer --help' for more detailed usage information.
Error for command "exec": requires at least 2 arg(s), only received 0

Usage:
  apptainer [global options...] exec [exec options...] <container> <command>

Run 'apptainer --help' for more detailed usage information.
